// Jest Snapshot v1, https://goo.gl/fbAQLP

exports[`=============>LOGIN<============= should render login component 1`] = `
<DocumentFragment>
  <div
    class="login-page loginContainer"
  >
    <div
      class="hide spinner-border text-primary"
    />
    <form
      class=""
    >
      <h1>
        Sign in
      </h1>
      <span>
        <p
          class="hide"
          id="loginError"
        >
          <img
            class="alertIcon"
            src="[object Object]"
          />
        </p>
      </span>
      <p>
        Login with social media
      </p>
      <div
        class="Google-login-btn"
      >
        <img
          class="facebookLogo"
          src="[object Object]"
        />
        Sign in with Google
      </div>
      <div
        class="Facebook-login-btn"
      >
        <img
          class="GoogleLogo"
          src="[object Object]"
        />
        Sign in with Facebook
      </div>
      <div
        id="or"
      >
        <svg
          class="Line"
          viewBox="0 1 120.5 1"
        >
          <path
            d="M 0 1 L 120.5 1"
            fill="transparent"
            id="Line"
            linecap="square"
            linejoin="miter"
            miterlimit="10"
            rendering="auto"
            stroke="rgba(231,231,231,1)"
            width="1px"
          />
        </svg>
        <div
          id="or_"
        >
          <span>
            or
          </span>
        </div>
        <svg
          class="Line_"
          viewBox="0 1 120.5 1"
        >
          <path
            d="M 0 1 L 120.5 1"
            fill="transparent"
            id="Line"
            linecap="square"
            linejoin="miter"
            miterlimit="10"
            rendering="auto"
            stroke="rgba(231,231,231,1)"
            width="1px"
          />
        </svg>
      </div>
      <div
        class="form-group"
      >
        <input
          aria-label="email"
          class="form-control"
          id="email"
          name="email"
          placeholder="email"
          type="email"
          value=""
        />
      </div>
      <div
        class="form-group"
      >
        <input
          aria-label="password"
          class="form-control"
          id="password"
          name="password"
          placeholder="password"
          type="password"
          value=""
        />
      </div>
      <p />
      <button
        aria-label="Login"
        class="btn btn-primary"
        id="loginBtn"
        label="Login"
        type="button"
      >
        Login
      </button>
      <a
        href="#"
        id="forgotPassword"
      >
        <p>
          Forgot Password?
        </p>
      </a>
    </form>
  </div>
</DocumentFragment>
`;
