// Jest Snapshot v1, https://goo.gl/fbAQLP

exports[`testing Social media should render banner text correctly with given strings 1`] = `
<div>
  <h1>
    Request loading error
  </h1>
</div>
`;

exports[`testing Social media should render correctly in "debug" mode 1`] = `
<ContextConsumer>
  <Component />
</ContextConsumer>
`;

exports[`testing Social media should render correctly in "debug" mode 2`] = `
<div>
  <SocialLoginIcon
    action="https://knights-bn-backnd.herokuapp.com/api/v1/auth/login/google"
    buttonClass="btnStyle "
    class="mr-2 "
    formClass="social-login-btn"
    icon={[Function]}
  />
  <SocialLoginIcon
    action="https://knights-bn-backnd.herokuapp.com/api/v1/auth/login/facebook"
    buttonClass="btnStyle"
    class="mr-2 ml-3 text-light SocialFacebook"
    formClass="social-login-btn"
    icon={[Function]}
  />
</div>
`;

exports[`testing Social media should render correctly in "debug" mode 3`] = `
<div>
  <h1>
    Request loading error
  </h1>
</div>
`;
